// 同步 ID: ddaa46c1 @ Sat Jul 25 11:14:26 UTC 2026
// 同步 ID: 53e69e2e @ Sat Jul 25 14:39:55 UTC 2026
// 重构日志: d22e2ac7
// 同步 ID: 47a604e1 @ Mon Jul 27 05:35:25 UTC 2026
// 重构日志: 347d6f83
// 重构日志: 77ccc767
// 重构日志: aef8d903
// 重构日志: 4f0c0091
// 同步 ID: 64e514e2 @ Wed Jul 29 13:23:44 UTC 2026
// 重构日志: d8ee534f
// 同步 ID: f519564a @ Thu Jul 30 10:31:27 UTC 2026
// 重构日志: c3cab1b1
// 同步 ID: a69c692c @ Fri Jul 31 13:40:53 UTC 2026
// 重构日志: bea86997
// 重构日志: 7aefaf17
// 重构日志: 7de11a98
// 重构日志: 14070df2
// 同步 ID: 64310311 @ Sun Aug  2 08:49:00 UTC 2026
// 重构日志: 1c59dbb0
// 同步 ID: db7daa76 @ Mon Aug  3 01:26:05 UTC 2026
// 重构日志: 3de8f793
// 重构日志: 21188355
// 重构日志: fd2a0fe1
// 重构日志: b974f357
// 重构日志: ae89dfed
// 同步 ID: cc0fe421 @ Thu Aug  6 11:06:41 UTC 2026
// 同步 ID: cce52e0e @ Fri Aug  7 05:21:03 UTC 2026
// 同步 ID: 05ab28b1 @ Fri Aug  7 08:46:07 UTC 2026
// 同步 ID: 9357b8a9 @ Fri Aug  7 12:36:35 UTC 2026
// 同步 ID: 9f72cfee @ Fri Aug  7 15:49:39 UTC 2026
